[21:55:59.343] [INFO] storybook v10.4.6
[21:56:00.820] [DEBUG] Getting package.json info for C:/Users/foxon/OneDrive/Рабочий стол/Fullstack-learning/front-course-repeat/package.json...
[21:56:00.823] [WARN] You are currently using Storybook [1m10.4.6[22m but you have packages which are incompatible with it:

- storybook-addon-mock@6.0.1 which depends on ^9.0.12

Please consider updating your packages or contacting the maintainers for compatibility details.

For more details on compatibility guidance, see:
https://github.com/storybookjs/storybook/issues/32836
[21:56:02.203] [ERROR] [38;2;241;97;97mError: Failed to load static files, no such directory: [36m.\config\public[39m
Make sure this directory exists.[39m
    at parseStaticDir (file:///C:/Users/foxon/OneDrive/%D0%A0%D0%B0%D0%B1%D0%BE%D1%87%D0%B8%D0%B9%20%D1%81%D1%82%D0%BE%D0%BB/Fullstack-learning/front-course-repeat/node_modules/storybook/dist/_node-chunks/chunk-G7NXW2C2.js:129:11)
    at file:///C:/Users/foxon/OneDrive/%D0%A0%D0%B0%D0%B1%D0%BE%D1%87%D0%B8%D0%B9%20%D1%81%D1%82%D0%BE%D0%BB/Fullstack-learning/front-course-repeat/node_modules/storybook/dist/core-server/presets/common-preset.js:1567:48
    at Array.map (<anonymous>)
    at Object.favicon (file:///C:/Users/foxon/OneDrive/%D0%A0%D0%B0%D0%B1%D0%BE%D1%87%D0%B8%D0%B9%20%D1%81%D1%82%D0%BE%D0%BB/Fullstack-learning/front-course-repeat/node_modules/storybook/dist/core-server/presets/common-preset.js:1562:193)
    at async useStatics (file:///C:/Users/foxon/OneDrive/%D0%A0%D0%B0%D0%B1%D0%BE%D1%87%D0%B8%D0%B9%20%D1%81%D1%82%D0%BE%D0%BB/Fullstack-learning/front-course-repeat/node_modules/storybook/dist/_node-chunks/chunk-G7NXW2C2.js:85:83)
    at async Promise.all (index 2)
    at async storybookDevServer (file:///C:/Users/foxon/OneDrive/%D0%A0%D0%B0%D0%B1%D0%BE%D1%87%D0%B8%D0%B9%20%D1%81%D1%82%D0%BE%D0%BB/Fullstack-learning/front-course-repeat/node_modules/storybook/dist/core-server/index.js:11483:141)
    at async buildOrThrow (file:///C:/Users/foxon/OneDrive/%D0%A0%D0%B0%D0%B1%D0%BE%D1%87%D0%B8%D0%B9%20%D1%81%D1%82%D0%BE%D0%BB/Fullstack-learning/front-course-repeat/node_modules/storybook/dist/core-server/index.js:8205:12)
    at async buildDevStandalone (file:///C:/Users/foxon/OneDrive/%D0%A0%D0%B0%D0%B1%D0%BE%D1%87%D0%B8%D0%B9%20%D1%81%D1%82%D0%BE%D0%BB/Fullstack-learning/front-course-repeat/node_modules/storybook/dist/core-server/index.js:12057:41)
    at async withTelemetry (file:///C:/Users/foxon/OneDrive/%D0%A0%D0%B0%D0%B1%D0%BE%D1%87%D0%B8%D0%B9%20%D1%81%D1%82%D0%BE%D0%BB/Fullstack-learning/front-course-repeat/node_modules/storybook/dist/_node-chunks/chunk-G7NXW2C2.js:650:12)
[21:56:02.210] [WARN] Broken build, fix the error above.
You may need to refresh the browser.